ASxxxx Linker V03.00/V05.40 + sdld,  page 1.
Hexadecimal  [32-Bits]

Area                       Addr        Size        Decimal Bytes (Attributes)
--------------------       ----        ----        ------- ----- ------------
_CABS                  00000000    00000000 =           0. bytes (ABS,CON)

        Value  Global            Value  Global            Value  Global    
        -----  ------            -----  ------            -----  ------    
     00000000  l_VECTORS |    00000000  l__BASE   |    00000000  l__CABS  
     00000000  l__DABS   |    00000000  l__GSFINA |    00000000  l__GSINIT
     00000000  l__HEAP   |    00000000  l__HEAP_E |    00000000  l__INITIA
     00000000  l__INITIA |    00000000  l__LIT    |    00000000  l__OSEG  
     00000000  l__RODATA |    00000000  s_OSEG    |    00000000  s_VECTORS
     00000000  s_VECTORS |    00000000  s__CABS   |    00000000  s__DABS  
     00000004  l_OSEG    |    00000006  l_VECTORS |    0000000E  l_GBDKOVR
     0000000E  l__DATA   |    0000000E  l__XINIT  |    00000010  s_GBDKOVR
     00000020  s__ZP     |    00000024  l__ZP     |    00000044  s__OSEG  
     00000056  l__BSS    |    00000300  s__DATA   |    0000030E  s__BSS   
     00000364  s__HEAP   |    00000364  s__HEAP_E |    00000364  s__INITIA
     0000070E  l__HOME   |    00000A07  l__CODE   |    0000C000  s__CODE  
     0000CA07  s__HOME   |    0000D115  s__BASE   |    0000D115  s__INITIA
     0000D115  s__LIT    |    0000D115  s__RODATA |    0000D115  s__XINIT 
     0000D123  s__GSFINA |    0000D123  s__GSINIT
ASxxxx Linker V03.00/V05.40 + sdld,  page 2.
Hexadecimal  [32-Bits]

Area                       Addr        Size        Decimal Bytes (Attributes)
--------------------       ----        ----        ------- ----- ------------
VECTORS0               00000000    00000006 =           6. bytes (ABS,CON)

        Value  Global            Value  Global            Value  Global    
        -----  ------            -----  ------            -----  ------    
ASxxxx Linker V03.00/V05.40 + sdld,  page 3.
Hexadecimal  [32-Bits]

Area                       Addr        Size        Decimal Bytes (Attributes)
--------------------       ----        ----        ------- ----- ------------
.  .ABS.               00000000    00000000 =           0. bytes (ABS,CON)

        Value  Global            Value  Global            Value  Global    
        -----  ------            -----  ------            -----  ------    
     00000000  .__.ABS.  |    00000000  ___bank_b |    00000000  ___bank_l
     00000000  ___bank_l |    00000010  ___size_b |    00000054  ___size_l
     00000100  __vram_tr |    00000188  _attribut |    00000200  _shadow_O
     00000320  ___size_l |    00002000  _PPUCTRL  |    00002001  _PPUMASK 
     00002002  _PPUSTATU |    00002003  _OAMADDR  |    00002004  _OAMDATA 
     00002005  _PPUSCROL |    00002006  _PPUADDR  |    00002007  _PPUDATA 
     00004014  _OAMDMA  
ASxxxx Linker V03.00/V05.40 + sdld,  page 4.
Hexadecimal  [32-Bits]

Area                       Addr        Size        Decimal Bytes (Attributes)
--------------------       ----        ----        ------- ----- ------------
_CODE                  0000C000    00000A07 =        2567. bytes (REL,CON)

        Value  Global            Value  Global            Value  Global    
        -----  ------            -----  ------            -----  ------    
     0000C000  .identity |    0000C000  _identity |    0000C1C2  .delay_to
     0000C357  .wait_vbl |    0000C357  _vsync    |    0000C357  _wait_vbl
     0000C374  .display_ |    0000C374  _display_ |    0000C38C  .display_
     0000C38C  _display_ |    0000C55D  ___func_l |    0000C55D  _logo_til
     0000C87D  ___func_l |    0000C87D  _logo_map |    0000C8D1  ___func_b
     0000C8D1  _blank_ti |    0000C8E1  _init_gfx |    0000C94D  _main    
     0000C957  ___memcpy |    0000C989  .add_TIM  |    0000C989  _add_TIM 
     0000C98D  .add_LCD  |    0000C98D  _add_LCD  |    0000C991  .add_VBL 
     0000C991  _add_VBL  |    0000C9A6  .remove_T |    0000C9A6  _remove_T
     0000C9AA  .remove_L |    0000C9AA  _remove_L |    0000C9AE  .remove_V
     0000C9AE  _remove_V |    0000C9CF  _set_inte |    0000C9EE  __mulucha
     0000C9F2  ___umul8 
ASxxxx Linker V03.00/V05.40 + sdld,  page 5.
Hexadecimal  [32-Bits]

Area                       Addr        Size        Decimal Bytes (Attributes)
--------------------       ----        ----        ------- ----- ------------
_HOME                  0000CA07    0000070E =        1806. bytes (REL,CON)

        Value  Global            Value  Global            Value  Global    
        -----  ------            -----  ------            -----  ------    
     0000CA07  .ppu_stri |    0000CA1C  .ppu_stri |    0000CA64  .ppu_stri
     0000CA92  .ppu_stri |    0000CAA6  .ppu_stri |    0000CAA6  _set_vram
     0000CB93  .write_sh |    0000CBC6  .deferred |    0000CBD4  .deferred
     0000CBDD  .deferred |    0000CC5F  _fill_bkg |    0000CCD9  _flush_sh
     0000CDF5  _hide_spr |    0000CE0D  _set_bkg_ |    0000CE1F  _set_spri
     0000CF37  _set_bkg_ |    0000CF3B  _set_bkg_ |    0000CF62  .tim_emul
     0000CFC8  _set_bkg_ |    0000CFCC  _set_bkg_ |    0000CFF0  .set_bkg_
ASxxxx Linker V03.00/V05.40 + sdld,  page 6.
Hexadecimal  [32-Bits]

Area                       Addr        Size        Decimal Bytes (Attributes)
--------------------       ----        ----        ------- ----- ------------
_XINIT                 0000D115    0000000E =          14. bytes (REL,CON)

        Value  Global            Value  Global            Value  Global    
        -----  ------            -----  ------            -----  ------    
ASxxxx Linker V03.00/V05.40 + sdld,  page 7.
Hexadecimal  [32-Bits]

Area                       Addr        Size        Decimal Bytes (Attributes)
--------------------       ----        ----        ------- ----- ------------
_DATA                  00000300    0000000E =          14. bytes (REL,CON)

        Value  Global            Value  Global            Value  Global    
        -----  ------            -----  ------            -----  ------    
     00000300  ___render |    00000301  .jmp_to_T |    00000301  .jmp_to_x
     00000304  .jmp_to_L |    00000307  .jmp_to_V |    0000030A  _TIMA_REG
     0000030C  _TMA_REG  |    0000030D  _TAC_REG 
ASxxxx Linker V03.00/V05.40 + sdld,  page 8.
Hexadecimal  [32-Bits]

Area                       Addr        Size        Decimal Bytes (Attributes)
--------------------       ----        ----        ------- ----- ------------
_BSS                   0000030E    00000056 =          86. bytes (REL,CON)

        Value  Global            Value  Global            Value  Global    
        -----  ------            -----  ------            -----  ------    
     0000030E  __crt0_pa |    00000327  .mode     |    00000328  __lcd_isr
     00000332  __lcd_isr |    0000033C  __lcd_isr |    00000346  __lcd_isr
     00000350  __lcd_isr |    0000035A  __lcd_isr
ASxxxx Linker V03.00/V05.40 + sdld,  page 9.
Hexadecimal  [32-Bits]

Area                       Addr        Size        Decimal Bytes (Attributes)
--------------------       ----        ----        ------- ----- ------------
OSEG                   00000000    00000004 =           4. bytes (REL,OVR,PAG)

        Value  Global            Value  Global            Value  Global    
        -----  ------            -----  ------            -----  ------    
     00000000  ___memcpy |    00000002  ___memcpy
ASxxxx Linker V03.00/V05.40 + sdld,  page 10.
Hexadecimal  [32-Bits]

Area                       Addr        Size        Decimal Bytes (Attributes)
--------------------       ----        ----        ------- ----- ------------
GBDKOVR                00000010    0000000E =          14. bytes (REL,OVR,PAG)

        Value  Global            Value  Global            Value  Global    
        -----  ------            -----  ------            -----  ------    
     00000010  _fill_bkg |    00000010  _set_bkg_ |    00000010  _set_bkg_
     00000010  _set_bkg_ |    00000010  _set_bkg_ |    00000010  _set_bkg_
     00000010  _set_spri |    00000010  _set_vram |    00000011  _fill_bkg
     00000011  _set_bkg_ |    00000011  _set_bkg_ |    00000011  _set_bkg_
     00000011  _set_bkg_ |    00000012  _fill_bkg |    00000012  _set_bkg_
     00000012  _set_bkg_ |    00000012  _set_bkg_ |    00000012  _set_bkg_
     00000014  _set_bkg_ |    00000014  _set_bkg_ |    00000014  _set_bkg_
     00000015  .padding  |    00000015  _set_bkg_
ASxxxx Linker V03.00/V05.40 + sdld,  page 11.
Hexadecimal  [32-Bits]

Area                       Addr        Size        Decimal Bytes (Attributes)
--------------------       ----        ----        ------- ----- ------------
_ZP                    00000020    00000024 =          36. bytes (REL,CON,PAG)

        Value  Global            Value  Global            Value  Global    
        -----  ------            -----  ------            -----  ------    
     00000020  __shadow_ |    00000021  __current |    00000022  _sys_time
     00000024  _shadow_P |    00000025  _shadow_P |    00000026  _bkg_scro
     00000027  _bkg_scro |    00000028  _attribut |    00000029  _attribut
     0000002A  __oam_val |    0000002B  __SYSTEM  |    0000002C  __hblank_
     0000002D  __vram_tr |    0000002E  __vram_tr |    0000002F  __vram_tr
     00000030  __vram_tr |    00000031  ALL_REGTE |    00000031  DPTR     
     00000033  REGTEMP   |    0000003B  ___SDCC_m |    0000003C  ___SDCC_m
     0000003D  ___SDCC_m |    0000003E  ___SDCC_m |    0000003F  ___SDCC_m
     00000040  ___SDCC_m |    00000041  ___SDCC_m |    00000042  ___SDCC_m
     00000043  ALL_REGTE |    00000043  __lcd_sca
ASxxxx Linker V03.00/V05.40 + sdld,  page 12.

Files Linked                              [ module(s) ]

../../../lib/nes/crt0.o                   [ crt0 ]
obj/nes/main.o                            [ main ]


Libraries Linked                          [ object file ]

../../../lib/nes/nes.lib                  [ vram_transfer_buffer.o ]
../../../lib/nes/nes.lib                  [ deferred_isr.o ]
../../../lib/nes/nes.lib                  [ fill_rect_bk.o ]
../../../lib/mos6502/mos6502.lib          [ _memcpy.o ]
../../../lib/nes/nes.lib                  [ flush_attributes.o ]
../../../lib/nes/nes.lib                  [ metasprites_hide_spr.o ]
../../../lib/mos6502/mos6502.lib          [ _temp.o ]
../../../lib/nes/nes.lib                  [ lcd.o ]
../../../lib/nes/nes.lib                  [ set_data.o ]
../../../lib/nes/nes.lib                  [ set_bk_ts.o ]
../../../lib/nes/nes.lib                  [ timer_isr.o ]
../../../lib/nes/nes.lib                  [ set_tile_submap.o ]
../../../lib/mos6502/mos6502.lib          [ _muluchar.o ]

ASxxxx Linker V03.00/V05.40 + sdld,  page 13.

User Base Address Definitions

_DATA=0x0300
_CODE=0xC000
VECTORS=0xFFFA
OSEG=0x00
GBDKOVR=0x10
_ZP=0x20

