ASxxxx Linker V03.00/V05.40 + sdld,  page 1.
Hexadecimal  [32-Bits]

Area                       Addr        Size        Decimal Bytes (Attributes)
--------------------       ----        ----        ------- ----- ------------
.  .ABS.               00000000    00000000 =           0. bytes (ABS,CON)

        Value  Global            Value  Global            Value  Global    
        -----  ------            -----  ------            -----  ------    
     00000000  .__.ABS.  |    00000000  ___bank_F |    00000000  l__BASE  
     00000000  l__BSEG   |    00000000  l__BSS    |    00000000  l__CABS  
     00000000  l__CODE_0 |    00000000  l__DABS   |    00000000  l__HEADER
     00000000  l__HEAP   |    00000000  l__HEAP_E |    00000000  l__LIT   
     00000000  s__CABS   |    00000000  s__DABS   |    00000000  s__HEADER
     00000000  s__HEADER |    00000000  s__HEADER |    00000000  s__HEADER
     00000000  s__HEADER |    00000000  s__HEADER |    00000000  s__HEADER
     00000000  s__HEADER |    00000001  l__GSFINA |    00000001  l__HEADER
     00000002  l__DATA   |    00000003  l__HEADER |    00000003  l__HEADER
     00000006  l__HEADER |    00000009  l__HEADER |    00000009  l__HEADER
     0000000C  l__GSINIT |    0000001F  l__INITIA |    0000001F  l__INITIA
     00000071  l__HEADER |    00000100  s__CODE   |    000004EA  l__HOME  
     0000072C  l__CODE   |    0000082C  s__HOME   |    00000D16  s__BASE  
     00000D16  s__CODE_0 |    00000D16  s__INITIA |    00000D16  s__LIT   
     00000D35  s__GSINIT |    00000D41  s__GSFINA |    0000C000  _shadow_O
     0000C0C0  s__DATA   |    0000C0C2  s__INITIA |    0000C0E1  s__BSEG  
     0000C0E1  s__BSS    |    0000C0E1  s__HEAP   |    0000C0E1  s__HEAP_E
     0000DFF0  .STACK   
ASxxxx Linker V03.00/V05.40 + sdld,  page 2.
Hexadecimal  [32-Bits]

Area                       Addr        Size        Decimal Bytes (Attributes)
--------------------       ----        ----        ------- ----- ------------
_CODE                  00000100    0000072C =        1836. bytes (REL,CON)

        Value  Global            Value  Global            Value  Global    
        -----  ------            -----  ------            -----  ------    
     00000100  _GetChara |    00000196  _DrawText |    000001DF  _main    
     00000218  _Font_pal |    00000218  ___func_F |    00000238  _Font_til
     000007F8  _Font_map
ASxxxx Linker V03.00/V05.40 + sdld,  page 3.
Hexadecimal  [32-Bits]

Area                       Addr        Size        Decimal Bytes (Attributes)
--------------------       ----        ----        ------- ----- ------------
_HEADER0               00000000    00000006 =           6. bytes (ABS,CON)

        Value  Global            Value  Global            Value  Global    
        -----  ------            -----  ------            -----  ------    
ASxxxx Linker V03.00/V05.40 + sdld,  page 4.
Hexadecimal  [32-Bits]

Area                       Addr        Size        Decimal Bytes (Attributes)
--------------------       ----        ----        ------- ----- ------------
_HEADER1               00000000    00000009 =           9. bytes (ABS,CON)

        Value  Global            Value  Global            Value  Global    
        -----  ------            -----  ------            -----  ------    
     00000010  _WRITE_VD
ASxxxx Linker V03.00/V05.40 + sdld,  page 5.
Hexadecimal  [32-Bits]

Area                       Addr        Size        Decimal Bytes (Attributes)
--------------------       ----        ----        ------- ----- ------------
_HEADER2               00000000    00000009 =           9. bytes (ABS,CON)

        Value  Global            Value  Global            Value  Global    
        -----  ------            -----  ------            -----  ------    
     00000020  _WRITE_VD
ASxxxx Linker V03.00/V05.40 + sdld,  page 6.
Hexadecimal  [32-Bits]

Area                       Addr        Size        Decimal Bytes (Attributes)
--------------------       ----        ----        ------- ----- ------------
_HEADER3               00000000    00000001 =           1. bytes (ABS,CON)

        Value  Global            Value  Global            Value  Global    
        -----  ------            -----  ------            -----  ------    
     00000030  .call_hl 
ASxxxx Linker V03.00/V05.40 + sdld,  page 7.
Hexadecimal  [32-Bits]

Area                       Addr        Size        Decimal Bytes (Attributes)
--------------------       ----        ----        ------- ----- ------------
_HEADER4               00000000    00000003 =           3. bytes (ABS,CON)

        Value  Global            Value  Global            Value  Global    
        -----  ------            -----  ------            -----  ------    
ASxxxx Linker V03.00/V05.40 + sdld,  page 8.
Hexadecimal  [32-Bits]

Area                       Addr        Size        Decimal Bytes (Attributes)
--------------------       ----        ----        ------- ----- ------------
_HEADER5               00000000    00000003 =           3. bytes (ABS,CON)

        Value  Global            Value  Global            Value  Global    
        -----  ------            -----  ------            -----  ------    
ASxxxx Linker V03.00/V05.40 + sdld,  page 9.
Hexadecimal  [32-Bits]

Area                       Addr        Size        Decimal Bytes (Attributes)
--------------------       ----        ----        ------- ----- ------------
_HEADER6               00000000    00000071 =         113. bytes (ABS,CON)

        Value  Global            Value  Global            Value  Global    
        -----  ------            -----  ------            -----  ------    
     00000080  .init    
ASxxxx Linker V03.00/V05.40 + sdld,  page 10.
Hexadecimal  [32-Bits]

Area                       Addr        Size        Decimal Bytes (Attributes)
--------------------       ----        ----        ------- ----- ------------
_HOME                  0000082C    000004EA =        1258. bytes (REL,CON)

        Value  Global            Value  Global            Value  Global    
        -----  ------            -----  ------            -----  ------    
     0000085B  .CRT_DEFA |    0000087B  .memset_s |    00000884  .memcpy_s
     0000088A  .wait_vbl |    0000088A  _vsync    |    0000088A  _wait_vbl
     0000089C  _NMI_ISR  |    0000089E  _set_vram |    000008B0  _set_attr
     000008CC  _set_tile |    000008EB  _set_attr |    0000090C  .OUTI128 
     0000098C  .OUTI64   |    000009CC  .OUTI32   |    000009EC  .OUTI16  
     00000A0C  .OUTI_END |    00000A0D  _set_spri |    00000A0D  _set_spri
     00000A10  _set_bkg_ |    00000A10  _set_bkg_ |    00000A10  _set_nati
     00000A44  _INT_ISR  |    00000AD0  .remove_L |    00000AD0  _remove_L
     00000AD3  .add_LCD  |    00000AD3  _add_LCD  |    00000AD7  _add_VBL 
     00000AD9  .add_VBL  |    00000ADC  .add_int  |    00000AE8  _remove_V
     00000AEA  .remove_V |    00000AED  .remove_i |    00000B09  _add_JOY 
     00000B09  _add_SIO  |    00000B09  _remove_J |    00000B09  _remove_S
     00000B0A  _fill_rec |    00000B68  .coords_t |    00000BD6  _get_bkg_
     00000BDE  .fill_rec |    00000BE9  .fill_rec |    00000C7C  .set_tile
     00000C87  .set_tile
ASxxxx Linker V03.00/V05.40 + sdld,  page 11.
Hexadecimal  [32-Bits]

Area                       Addr        Size        Decimal Bytes (Attributes)
--------------------       ----        ----        ------- ----- ------------
_INITIALIZER           00000D16    0000001F =          31. bytes (REL,CON)

        Value  Global            Value  Global            Value  Global    
        -----  ------            -----  ------            -----  ------    
ASxxxx Linker V03.00/V05.40 + sdld,  page 12.
Hexadecimal  [32-Bits]

Area                       Addr        Size        Decimal Bytes (Attributes)
--------------------       ----        ----        ------- ----- ------------
_GSINIT                00000D35    0000000C =          12. bytes (REL,CON)

        Value  Global            Value  Global            Value  Global    
        -----  ------            -----  ------            -----  ------    
     00000D35  .gsinit  
ASxxxx Linker V03.00/V05.40 + sdld,  page 13.
Hexadecimal  [32-Bits]

Area                       Addr        Size        Decimal Bytes (Attributes)
--------------------       ----        ----        ------- ----- ------------
_GSFINAL               00000D41    00000001 =           1. bytes (REL,CON)

        Value  Global            Value  Global            Value  Global    
        -----  ------            -----  ------            -----  ------    
ASxxxx Linker V03.00/V05.40 + sdld,  page 14.
Hexadecimal  [32-Bits]

Area                       Addr        Size        Decimal Bytes (Attributes)
--------------------       ----        ----        ------- ----- ------------
_DATA                  0000C0C0    00000002 =           2. bytes (REL,CON)

        Value  Global            Value  Global            Value  Global    
        -----  ------            -----  ------            -----  ------    
     0000C0C0  __BIOS    |    0000C0C1  __SYSTEM 
ASxxxx Linker V03.00/V05.40 + sdld,  page 15.
Hexadecimal  [32-Bits]

Area                       Addr        Size        Decimal Bytes (Attributes)
--------------------       ----        ----        ------- ----- ------------
_INITIALIZED           0000C0C2    0000001F =          31. bytes (REL,CON)

        Value  Global            Value  Global            Value  Global    
        -----  ------            -----  ------            -----  ------    
     0000C0C2  _shadow_V |    0000C0C3  _shadow_V |    0000C0C4  _shadow_V
     0000C0C5  _shadow_V |    0000C0C6  _shadow_V |    0000C0C7  _shadow_V
     0000C0C8  _shadow_V |    0000C0C9  _shadow_V |    0000C0C9  _shadow_V
     0000C0CA  _shadow_V |    0000C0CA  _shadow_V |    0000C0CB  _shadow_V
     0000C0CB  _shadow_V |    0000C0CC  _shadow_V |    0000C0CD  .shadow_V
     0000C0CD  .sys_time |    0000C0CD  _sys_time |    0000C0CF  .vbl_done
     0000C0CF  __vbl_don |    0000C0D0  .vdp_shif |    0000C0D0  _VDP_ATTR
     0000C0D1  __shadow_ |    0000C0D2  __shadow_ |    0000C0D3  __sprites
     0000C0D4  .mode     |    0000C0D5  .TIM_DISP
ASxxxx Linker V03.00/V05.40 + sdld,  page 16.

Files Linked                              [ module(s) ]

../../../lib/gg/crt0.o                    [ Runtime ]
obj/gg/main.rel                           [ main ]
/var/folders/82/3_rg_9197j7cgdr8vb5jbync0000gn/T/lcc51330.rel
                                          [ Font ]


Libraries Linked                          [ object file ]

../../../lib/gg/gg.lib                    [ nmi.o ]
../../../lib/gg/gg.lib                    [ set_tile.o ]
../../../lib/gg/gg.lib                    [ outi.o ]
../../../lib/gg/gg.lib                    [ sms_set_native_data.o ]
../../../lib/gg/gg.lib                    [ sms_int.o ]
../../../lib/gg/gg.lib                    [ sms_fill_rect_compat.o ]
../../../lib/gg/gg.lib                    [ coords_to_address.o ]
../../../lib/gg/gg.lib                    [ sms_fill_rect_xy_compat.o ]
../../../lib/gg/gg.lib                    [ set_tile_map_xy.o ]

ASxxxx Linker V03.00/V05.40 + sdld,  page 17.

User Base Address Definitions

_DATA=0xC0C0
_CODE=0x0100
ASxxxx Linker V03.00/V05.40 + sdld,  page 18.

User Global Definitions

_shadow_OAM=0xC000
.STACK=0xDFF0

