ASxxxx Linker V03.00/V05.40 + sdld,  page 1.
Hexadecimal  [32-Bits]

Area                       Addr        Size        Decimal Bytes (Attributes)
--------------------       ----        ----        ------- ----- ------------
_CABS                  00000000    00000000 =           0. bytes (ABS,CON)

        Value  Global            Value  Global            Value  Global    
        -----  ------            -----  ------            -----  ------    
     00000000  l_VECTORS |    00000000  l__BASE   |    00000000  l__CABS  
     00000000  l__DABS   |    00000000  l__GSFINA |    00000000  l__GSINIT
     00000000  l__HEAP   |    00000000  l__HEAP_E |    00000000  l__INITIA
     00000000  l__INITIA |    00000000  l__LIT    |    00000000  l__OSEG  
     00000000  l__RODATA |    00000000  s_OSEG    |    00000000  s_VECTORS
     00000000  s_VECTORS |    00000000  s__CABS   |    00000000  s__DABS  
     00000006  l_OSEG    |    00000006  l_VECTORS |    00000008  l_GBDKOVR
     00000010  l__DATA   |    00000010  l__XINIT  |    00000010  s_GBDKOVR
     00000020  s__ZP     |    0000002B  l__ZP     |    0000004B  s__OSEG  
     0000008E  l__BSS    |    00000300  s__DATA   |    00000310  s__BSS   
     0000039E  s__HEAP   |    0000039E  s__HEAP_E |    0000039E  s__INITIA
     000008B9  l__HOME   |    000013FE  l__CODE   |    0000C000  s__CODE  
     0000D3FE  s__HOME   |    0000DCB7  s__BASE   |    0000DCB7  s__INITIA
     0000DCB7  s__LIT    |    0000DCB7  s__RODATA |    0000DCB7  s__XINIT 
     0000DCC7  s__GSFINA |    0000DCC7  s__GSINIT
ASxxxx Linker V03.00/V05.40 + sdld,  page 2.
Hexadecimal  [32-Bits]

Area                       Addr        Size        Decimal Bytes (Attributes)
--------------------       ----        ----        ------- ----- ------------
VECTORS0               00000000    00000006 =           6. bytes (ABS,CON)

        Value  Global            Value  Global            Value  Global    
        -----  ------            -----  ------            -----  ------    
ASxxxx Linker V03.00/V05.40 + sdld,  page 3.
Hexadecimal  [32-Bits]

Area                       Addr        Size        Decimal Bytes (Attributes)
--------------------       ----        ----        ------- ----- ------------
.  .ABS.               00000000    00000000 =           0. bytes (ABS,CON)

        Value  Global            Value  Global            Value  Global    
        -----  ------            -----  ------            -----  ------    
     00000000  .__.ABS.  |    00000000  ___bank_s |    00000100  __vram_tr
     00000188  _attribut |    00000200  _shadow_O |    00002000  _PPUCTRL 
     00002001  _PPUMASK  |    00002002  _PPUSTATU |    00002003  _OAMADDR 
     00002004  _OAMDATA  |    00002005  _PPUSCROL |    00002006  _PPUADDR 
     00002007  _PPUDATA  |    00004014  _OAMDMA  
ASxxxx Linker V03.00/V05.40 + sdld,  page 4.
Hexadecimal  [32-Bits]

Area                       Addr        Size        Decimal Bytes (Attributes)
--------------------       ----        ----        ------- ----- ------------
_CODE                  0000C000    000013FE =        5118. bytes (REL,CON)

        Value  Global            Value  Global            Value  Global    
        -----  ------            -----  ------            -----  ------    
     0000C000  .identity |    0000C000  _identity |    0000C1C2  .delay_to
     0000C357  .wait_vbl |    0000C357  _vsync    |    0000C357  _wait_vbl
     0000C374  .display_ |    0000C374  _display_ |    0000C38C  .display_
     0000C38C  _display_ |    0000C55D  ___func_s |    0000C55D  _sprite_p
     0000C561  _sprite_t |    0000C861  _sprite_m |    0000C8E1  _sprite_m
     0000C969  _sprite_m |    0000C9F1  _sprite_m |    0000CA75  _sprite_m
     0000CAF9  _sprite_m |    0000CB03  _set_tile |    0000CC26  _get_tile
     0000CC29  _load_and |    0000CC8B  _main     |    0000D247  _pattern 
     0000D257  _reverse_ |    0000D357  _gray_pal |    0000D35B  _pink_pal
     0000D35F  _cyan_pal |    0000D363  _green_pa |    0000D367  ___memcpy
     0000D399  .add_TIM  |    0000D399  _add_TIM  |    0000D39D  .add_LCD 
     0000D39D  _add_LCD  |    0000D3A1  .add_VBL  |    0000D3A1  _add_VBL 
     0000D3B6  .remove_T |    0000D3B6  _remove_T |    0000D3BA  .remove_L
     0000D3BA  _remove_L |    0000D3BE  .remove_V |    0000D3BE  _remove_V
     0000D3DF  _set_inte
ASxxxx Linker V03.00/V05.40 + sdld,  page 5.
Hexadecimal  [32-Bits]

Area                       Addr        Size        Decimal Bytes (Attributes)
--------------------       ----        ----        ------- ----- ------------
_HOME                  0000D3FE    000008B9 =        2233. bytes (REL,CON)

        Value  Global            Value  Global            Value  Global    
        -----  ------            -----  ------            -----  ------    
     0000D3FE  .ppu_stri |    0000D413  .ppu_stri |    0000D45B  .ppu_stri
     0000D489  .ppu_stri |    0000D49D  .ppu_stri |    0000D49D  _set_vram
     0000D58A  .write_sh |    0000D5BD  .deferred |    0000D5CB  .deferred
     0000D5D4  .deferred |    0000D656  _fill_bkg |    0000D6D0  ___move_m
     0000D6D0  ___move_m |    0000D760  _flush_sh |    0000D87C  .move_met
     0000D891  .move_met |    0000D898  _hide_spr |    0000D8B0  _set_bkg_
     0000D8B3  _set_spri |    0000D8DE  _set_bkg_ |    0000D8E1  _set_spri
     0000D8E2  .set_pale |    0000D91F  ___move_m |    0000D9A7  ___move_m
     0000D9A7  ___move_m |    0000DA35  ___move_m |    0000DA35  ___move_m
     0000DAC1  _set_bkg_ |    0000DAD3  _set_spri |    0000DBFB  .tim_emul
     0000DC61  _strobe_j |    0000DC6C  _read_joy |    0000DC6F  _read_joy
     0000DCA2  .padup    |    0000DCA2  _waitpadu |    0000DCA8  .jpad    
     0000DCA8  _joypad   |    0000DCAD  .wait_pad |    0000DCAD  _waitpad 
ASxxxx Linker V03.00/V05.40 + sdld,  page 6.
Hexadecimal  [32-Bits]

Area                       Addr        Size        Decimal Bytes (Attributes)
--------------------       ----        ----        ------- ----- ------------
_XINIT                 0000DCB7    00000010 =          16. bytes (REL,CON)

        Value  Global            Value  Global            Value  Global    
        -----  ------            -----  ------            -----  ------    
ASxxxx Linker V03.00/V05.40 + sdld,  page 7.
Hexadecimal  [32-Bits]

Area                       Addr        Size        Decimal Bytes (Attributes)
--------------------       ----        ----        ------- ----- ------------
_DATA                  00000300    00000010 =          16. bytes (REL,CON)

        Value  Global            Value  Global            Value  Global    
        -----  ------            -----  ------            -----  ------    
     00000300  _joyp     |    00000301  _old_joyp |    00000302  ___render
     00000303  .jmp_to_T |    00000303  .jmp_to_x |    00000306  .jmp_to_L
     00000309  .jmp_to_V |    0000030C  _TIMA_REG |    0000030E  _TMA_REG 
     0000030F  _TAC_REG 
ASxxxx Linker V03.00/V05.40 + sdld,  page 8.
Hexadecimal  [32-Bits]

Area                       Addr        Size        Decimal Bytes (Attributes)
--------------------       ----        ----        ------- ----- ------------
_BSS                   00000310    0000008E =         142. bytes (REL,CON)

        Value  Global            Value  Global            Value  Global    
        -----  ------            -----  ------            -----  ------    
     00000310  __crt0_pa |    00000329  .mode     |    0000032A  __lcd_isr
     00000334  __lcd_isr |    0000033E  __lcd_isr |    00000348  __lcd_isr
     00000352  __lcd_isr |    0000035C  __lcd_isr |    00000366  _PosX    
     00000368  _PosY     |    0000036A  _SpdX     |    0000036C  _SpdY    
     0000036E  _PosF     |    0000036F  _idx      |    00000370  _rot     
     00000371  _flipped_ |    00000381  _num_tile |    00000383  _set_tile
     00000385  _set_tile |    00000386  _set_tile
ASxxxx Linker V03.00/V05.40 + sdld,  page 9.
Hexadecimal  [32-Bits]

Area                       Addr        Size        Decimal Bytes (Attributes)
--------------------       ----        ----        ------- ----- ------------
OSEG                   00000000    00000006 =           6. bytes (REL,OVR,PAG)

        Value  Global            Value  Global            Value  Global    
        -----  ------            -----  ------            -----  ------    
     00000000  ___memcpy |    00000002  ___memcpy
ASxxxx Linker V03.00/V05.40 + sdld,  page 10.
Hexadecimal  [32-Bits]

Area                       Addr        Size        Decimal Bytes (Attributes)
--------------------       ----        ----        ------- ----- ------------
GBDKOVR                00000010    00000008 =           8. bytes (REL,OVR,PAG)

        Value  Global            Value  Global            Value  Global    
        -----  ------            -----  ------            -----  ------    
     00000010  ___move_m |    00000010  ___move_m |    00000010  ___move_m
     00000010  ___move_m |    00000010  ___move_m |    00000010  ___move_m
     00000010  ___move_m |    00000010  _fill_bkg |    00000010  _set_bkg_
     00000010  _set_bkg_ |    00000010  _set_bkg_ |    00000010  _set_spri
     00000010  _set_spri |    00000010  _set_spri |    00000010  _set_vram
     00000011  _fill_bkg |    00000012  ___move_m |    00000012  ___move_m
     00000012  ___move_m |    00000012  ___move_m |    00000012  ___move_m
     00000012  ___move_m |    00000012  ___move_m |    00000012  _fill_bkg
     00000014  ___curren |    00000016  ___curren |    00000017  ___curren
ASxxxx Linker V03.00/V05.40 + sdld,  page 11.
Hexadecimal  [32-Bits]

Area                       Addr        Size        Decimal Bytes (Attributes)
--------------------       ----        ----        ------- ----- ------------
_ZP                    00000020    0000002B =          43. bytes (REL,CON,PAG)

        Value  Global            Value  Global            Value  Global    
        -----  ------            -----  ------            -----  ------    
     00000020  __shadow_ |    00000021  __current |    00000022  _sys_time
     00000024  _shadow_P |    00000025  _shadow_P |    00000026  _bkg_scro
     00000027  _bkg_scro |    00000028  _attribut |    00000029  _attribut
     0000002A  __oam_val |    0000002B  __SYSTEM  |    0000002C  __hblank_
     00000034  __vram_tr |    00000035  __vram_tr |    00000036  __vram_tr
     00000037  __vram_tr |    00000038  ALL_REGTE |    00000038  DPTR     
     0000003A  REGTEMP   |    00000042  ___SDCC_m |    00000043  ___SDCC_m
     00000044  ___SDCC_m |    00000045  ___SDCC_m |    00000046  ___SDCC_m
     00000047  ___SDCC_m |    00000048  ___SDCC_m |    00000049  ___SDCC_m
     0000004A  ALL_REGTE |    0000004A  __lcd_sca
ASxxxx Linker V03.00/V05.40 + sdld,  page 12.

Files Linked                              [ module(s) ]

../../../lib/nes/crt0.o                   [ crt0 ]
obj/nes/sprite.o                          [ sprite ]
obj/nes/metasprites.o                     [ metasprites ]


Libraries Linked                          [ object file ]

../../../lib/nes/nes.lib                  [ vram_transfer_buffer.o ]
../../../lib/nes/nes.lib                  [ deferred_isr.o ]
../../../lib/nes/nes.lib                  [ fill_rect_bk.o ]
../../../lib/mos6502/mos6502.lib          [ _memcpy.o ]
../../../lib/nes/nes.lib                  [ metasprites_flipxy.o ]
../../../lib/nes/nes.lib                  [ flush_attributes.o ]
../../../lib/nes/nes.lib                  [ metasprites_common.o ]
../../../lib/nes/nes.lib                  [ metasprites_hide_spr.o ]
../../../lib/nes/nes.lib                  [ nes_palettes.o ]
../../../lib/nes/nes.lib                  [ metasprites.o ]
../../../lib/nes/nes.lib                  [ metasprites_flipx.o ]
../../../lib/mos6502/mos6502.lib          [ _temp.o ]
../../../lib/nes/nes.lib                  [ metasprites_flipy.o ]
../../../lib/nes/nes.lib                  [ lcd.o ]
../../../lib/nes/nes.lib                  [ set_data.o ]
../../../lib/nes/nes.lib                  [ timer_isr.o ]
../../../lib/nes/nes.lib                  [ pad.o ]

ASxxxx Linker V03.00/V05.40 + sdld,  page 13.

User Base Address Definitions

_DATA=0x0300
_CODE=0xC000
VECTORS=0xFFFA
OSEG=0x00
GBDKOVR=0x10
_ZP=0x20

