ASxxxx Linker V03.00/V05.40 + sdld,  page 1.
Hexadecimal  [32-Bits]

Area                       Addr        Size        Decimal Bytes (Attributes)
--------------------       ----        ----        ------- ----- ------------
_CABS                  00000000    00000000 =           0. bytes (ABS,CON)

        Value  Global            Value  Global            Value  Global    
        -----  ------            -----  ------            -----  ------    
     00000000  l_VECTORS |    00000000  l__BASE   |    00000000  l__CABS  
     00000000  l__DABS   |    00000000  l__GSFINA |    00000000  l__GSINIT
     00000000  l__HEAP   |    00000000  l__HEAP_E |    00000000  l__INITIA
     00000000  l__INITIA |    00000000  l__LIT    |    00000000  l__OSEG  
     00000000  l__RODATA |    00000000  s_OSEG    |    00000000  s_VECTORS
     00000000  s_VECTORS |    00000000  s__CABS   |    00000000  s__DABS  
     00000004  l_OSEG    |    00000006  l_VECTORS |    00000007  l_GBDKOVR
     0000000E  l__DATA   |    0000000E  l__XINIT  |    00000010  s_GBDKOVR
     00000020  s__ZP     |    00000029  l__ZP     |    00000049  s__OSEG  
     0000005C  l__BSS    |    00000300  s__DATA   |    0000030E  s__BSS   
     0000036A  s__HEAP   |    0000036A  s__HEAP_E |    0000036A  s__INITIA
     00000665  l__HOME   |    00000B1A  l__CODE   |    0000C000  s__CODE  
     0000CB1A  s__HOME   |    0000D17F  s__BASE   |    0000D17F  s__INITIA
     0000D17F  s__LIT    |    0000D17F  s__RODATA |    0000D17F  s__XINIT 
     0000D18D  s__GSFINA |    0000D18D  s__GSINIT
ASxxxx Linker V03.00/V05.40 + sdld,  page 2.
Hexadecimal  [32-Bits]

Area                       Addr        Size        Decimal Bytes (Attributes)
--------------------       ----        ----        ------- ----- ------------
VECTORS0               00000000    00000006 =           6. bytes (ABS,CON)

        Value  Global            Value  Global            Value  Global    
        -----  ------            -----  ------            -----  ------    
ASxxxx Linker V03.00/V05.40 + sdld,  page 3.
Hexadecimal  [32-Bits]

Area                       Addr        Size        Decimal Bytes (Attributes)
--------------------       ----        ----        ------- ----- ------------
.  .ABS.               00000000    00000000 =           0. bytes (ABS,CON)

        Value  Global            Value  Global            Value  Global    
        -----  ------            -----  ------            -----  ------    
     00000000  .__.ABS.  |    00000000  ___bank_F |    00000100  __vram_tr
     00000188  _attribut |    00000200  _shadow_O |    00002000  _PPUCTRL 
     00002001  _PPUMASK  |    00002002  _PPUSTATU |    00002003  _OAMADDR 
     00002004  _OAMDATA  |    00002005  _PPUSCROL |    00002006  _PPUADDR 
     00002007  _PPUDATA  |    00004014  _OAMDMA  
ASxxxx Linker V03.00/V05.40 + sdld,  page 4.
Hexadecimal  [32-Bits]

Area                       Addr        Size        Decimal Bytes (Attributes)
--------------------       ----        ----        ------- ----- ------------
_CODE                  0000C000    00000B1A =        2842. bytes (REL,CON)

        Value  Global            Value  Global            Value  Global    
        -----  ------            -----  ------            -----  ------    
     0000C000  .identity |    0000C000  _identity |    0000C1C2  .delay_to
     0000C357  .wait_vbl |    0000C357  _vsync    |    0000C357  _wait_vbl
     0000C374  .display_ |    0000C374  _display_ |    0000C38C  .display_
     0000C38C  _display_ |    0000C55D  _GetChara |    0000C61C  _DrawText
     0000C6A1  _main     |    0000C75F  _Font_pal |    0000C75F  ___func_F
     0000C76F  _Font_til |    0000CA4F  _Font_map |    0000CA83  ___memcpy
     0000CAB5  .add_TIM  |    0000CAB5  _add_TIM  |    0000CAB9  .add_LCD 
     0000CAB9  _add_LCD  |    0000CABD  .add_VBL  |    0000CABD  _add_VBL 
     0000CAD2  .remove_T |    0000CAD2  _remove_T |    0000CAD6  .remove_L
     0000CAD6  _remove_L |    0000CADA  .remove_V |    0000CADA  _remove_V
     0000CAFB  _set_inte
ASxxxx Linker V03.00/V05.40 + sdld,  page 5.
Hexadecimal  [32-Bits]

Area                       Addr        Size        Decimal Bytes (Attributes)
--------------------       ----        ----        ------- ----- ------------
_HOME                  0000CB1A    00000665 =        1637. bytes (REL,CON)

        Value  Global            Value  Global            Value  Global    
        -----  ------            -----  ------            -----  ------    
     0000CB1A  .ppu_stri |    0000CB2F  .ppu_stri |    0000CB77  .ppu_stri
     0000CBA5  .ppu_stri |    0000CBB9  .ppu_stri |    0000CBB9  _set_vram
     0000CCA6  .write_sh |    0000CCD9  .deferred |    0000CCE7  .deferred
     0000CCF0  .deferred |    0000CD72  _fill_bkg |    0000CDEC  _flush_sh
     0000CF08  _hide_spr |    0000CF20  _set_bkg_ |    0000CF32  _set_spri
     0000CFCE  .tim_emul |    0000D034  _set_bkg_ |    0000D046  _set_spri
     0000D15E  _get_bkg_ |    0000D179  _set_bkg_
ASxxxx Linker V03.00/V05.40 + sdld,  page 6.
Hexadecimal  [32-Bits]

Area                       Addr        Size        Decimal Bytes (Attributes)
--------------------       ----        ----        ------- ----- ------------
_XINIT                 0000D17F    0000000E =          14. bytes (REL,CON)

        Value  Global            Value  Global            Value  Global    
        -----  ------            -----  ------            -----  ------    
ASxxxx Linker V03.00/V05.40 + sdld,  page 7.
Hexadecimal  [32-Bits]

Area                       Addr        Size        Decimal Bytes (Attributes)
--------------------       ----        ----        ------- ----- ------------
_DATA                  00000300    0000000E =          14. bytes (REL,CON)

        Value  Global            Value  Global            Value  Global    
        -----  ------            -----  ------            -----  ------    
     00000300  ___render |    00000301  .jmp_to_T |    00000301  .jmp_to_x
     00000304  .jmp_to_L |    00000307  .jmp_to_V |    0000030A  _TIMA_REG
     0000030C  _TMA_REG  |    0000030D  _TAC_REG 
ASxxxx Linker V03.00/V05.40 + sdld,  page 8.
Hexadecimal  [32-Bits]

Area                       Addr        Size        Decimal Bytes (Attributes)
--------------------       ----        ----        ------- ----- ------------
_BSS                   0000030E    0000005C =          92. bytes (REL,CON)

        Value  Global            Value  Global            Value  Global    
        -----  ------            -----  ------            -----  ------    
     0000030E  __crt0_pa |    00000327  .mode     |    00000328  __lcd_isr
     00000332  __lcd_isr |    0000033C  __lcd_isr |    00000346  __lcd_isr
     00000350  __lcd_isr |    0000035A  __lcd_isr |    00000364  _DrawText
ASxxxx Linker V03.00/V05.40 + sdld,  page 9.
Hexadecimal  [32-Bits]

Area                       Addr        Size        Decimal Bytes (Attributes)
--------------------       ----        ----        ------- ----- ------------
OSEG                   00000000    00000004 =           4. bytes (REL,OVR,PAG)

        Value  Global            Value  Global            Value  Global    
        -----  ------            -----  ------            -----  ------    
     00000000  ___memcpy |    00000002  ___memcpy
ASxxxx Linker V03.00/V05.40 + sdld,  page 10.
Hexadecimal  [32-Bits]

Area                       Addr        Size        Decimal Bytes (Attributes)
--------------------       ----        ----        ------- ----- ------------
GBDKOVR                00000010    00000007 =           7. bytes (REL,OVR,PAG)

        Value  Global            Value  Global            Value  Global    
        -----  ------            -----  ------            -----  ------    
     00000010  _fill_bkg |    00000010  _set_bkg_ |    00000010  _set_bkg_
     00000010  _set_bkg_ |    00000010  _set_spri |    00000010  _set_spri
     00000010  _set_vram |    00000011  .bkg_tile |    00000011  _fill_bkg
     00000012  _fill_bkg
ASxxxx Linker V03.00/V05.40 + sdld,  page 11.
Hexadecimal  [32-Bits]

Area                       Addr        Size        Decimal Bytes (Attributes)
--------------------       ----        ----        ------- ----- ------------
_ZP                    00000020    00000029 =          41. bytes (REL,CON,PAG)

        Value  Global            Value  Global            Value  Global    
        -----  ------            -----  ------            -----  ------    
     00000020  __shadow_ |    00000021  __current |    00000022  _sys_time
     00000024  _shadow_P |    00000025  _shadow_P |    00000026  _bkg_scro
     00000027  _bkg_scro |    00000028  _attribut |    00000029  _attribut
     0000002A  __oam_val |    0000002B  __SYSTEM  |    0000002C  __hblank_
     00000032  __vram_tr |    00000033  __vram_tr |    00000034  __vram_tr
     00000035  __vram_tr |    00000036  ALL_REGTE |    00000036  DPTR     
     00000038  REGTEMP   |    00000040  ___SDCC_m |    00000041  ___SDCC_m
     00000042  ___SDCC_m |    00000043  ___SDCC_m |    00000044  ___SDCC_m
     00000045  ___SDCC_m |    00000046  ___SDCC_m |    00000047  ___SDCC_m
     00000048  ALL_REGTE |    00000048  __lcd_sca
ASxxxx Linker V03.00/V05.40 + sdld,  page 12.

Files Linked                              [ module(s) ]

../../../lib/nes/crt0.o                   [ crt0 ]
obj/nes/main.o                            [ main ]
/var/folders/82/3_rg_9197j7cgdr8vb5jbync0000gn/T/lcc52190.o
                                          [ Font ]


Libraries Linked                          [ object file ]

../../../lib/nes/nes.lib                  [ vram_transfer_buffer.o ]
../../../lib/nes/nes.lib                  [ deferred_isr.o ]
../../../lib/nes/nes.lib                  [ fill_rect_bk.o ]
../../../lib/mos6502/mos6502.lib          [ _memcpy.o ]
../../../lib/nes/nes.lib                  [ flush_attributes.o ]
../../../lib/nes/nes.lib                  [ metasprites_hide_spr.o ]
../../../lib/mos6502/mos6502.lib          [ _temp.o ]
../../../lib/nes/nes.lib                  [ lcd.o ]
../../../lib/nes/nes.lib                  [ set_native_data.o ]
../../../lib/nes/nes.lib                  [ timer_isr.o ]
../../../lib/nes/nes.lib                  [ set_data.o ]
../../../lib/nes/nes.lib                  [ set_tile.o ]

ASxxxx Linker V03.00/V05.40 + sdld,  page 13.

User Base Address Definitions

_DATA=0x0300
_CODE=0xC000
VECTORS=0xFFFA
OSEG=0x00
GBDKOVR=0x10
_ZP=0x20

