ASxxxx Linker V03.00/V05.40 + sdld,  page 1.
Hexadecimal  [32-Bits]

Area                       Addr        Size        Decimal Bytes (Attributes)
--------------------       ----        ----        ------- ----- ------------
_FONT_HEADER0          00000000    00000003 =           3. bytes (ABS,CON)

        Value  Global            Value  Global            Value  Global    
        -----  ------            -----  ------            -----  ------    
     00000000  l_VECTORS |    00000000  l__BASE   |    00000000  l__CABS  
     00000000  l__DABS   |    00000000  l__FONT_H |    00000000  l__GSFINA
     00000000  l__GSINIT |    00000000  l__HEAP   |    00000000  l__HEAP_E
     00000000  l__INITIA |    00000000  l__INITIA |    00000000  l__LIT   
     00000000  l__OSEG   |    00000000  l__RODATA |    00000000  s_OSEG   
     00000000  s_VECTORS |    00000000  s_VECTORS |    00000000  s__CABS  
     00000000  s__DABS   |    00000000  s__FONT_H |    00000000  s__FONT_H
     00000003  l__FONT_H |    00000006  l_VECTORS |    00000008  l_OSEG   
     0000000F  l_GBDKOVR |    00000010  s_GBDKOVR |    00000012  l__DATA  
     00000012  l__XINIT  |    00000020  s__ZP     |    00000036  l__ZP    
     00000056  s__OSEG   |    000001EB  l__BSS    |    00000300  s__DATA  
     00000312  s__BSS    |    000004FD  s__HEAP   |    000004FD  s__HEAP_E
     000004FD  s__INITIA |    00000BAC  l__HOME   |    00001183  l__CODE  
     0000C000  s__CODE   |    0000D183  s__HOME   |    0000DD2F  s__BASE  
     0000DD2F  s__INITIA |    0000DD2F  s__LIT    |    0000DD2F  s__RODATA
     0000DD2F  s__XINIT  |    0000DD41  s__GSFINA |    0000DD41  s__GSINIT
ASxxxx Linker V03.00/V05.40 + sdld,  page 2.
Hexadecimal  [32-Bits]

Area                       Addr        Size        Decimal Bytes (Attributes)
--------------------       ----        ----        ------- ----- ------------
VECTORS0               00000000    00000006 =           6. bytes (ABS,CON)

        Value  Global            Value  Global            Value  Global    
        -----  ------            -----  ------            -----  ------    
ASxxxx Linker V03.00/V05.40 + sdld,  page 3.
Hexadecimal  [32-Bits]

Area                       Addr        Size        Decimal Bytes (Attributes)
--------------------       ----        ----        ------- ----- ------------
.  .ABS.               00000000    00000000 =           0. bytes (ABS,CON)

        Value  Global            Value  Global            Value  Global    
        -----  ------            -----  ------            -----  ------    
     00000000  .__.ABS.  |    00000100  __vram_tr |    00000188  _attribut
     00000200  _shadow_O |    00002000  _PPUCTRL  |    00002001  _PPUMASK 
     00002002  _PPUSTATU |    00002003  _OAMADDR  |    00002004  _OAMDATA 
     00002005  _PPUSCROL |    00002006  _PPUADDR  |    00002007  _PPUDATA 
     00004014  _OAMDMA  
ASxxxx Linker V03.00/V05.40 + sdld,  page 4.
Hexadecimal  [32-Bits]

Area                       Addr        Size        Decimal Bytes (Attributes)
--------------------       ----        ----        ------- ----- ------------
_CODE                  0000C000    00001183 =        4483. bytes (REL,CON)

        Value  Global            Value  Global            Value  Global    
        -----  ------            -----  ------            -----  ------    
     0000C000  .identity |    0000C000  _identity |    0000C1C2  .delay_to
     0000C357  .wait_vbl |    0000C357  _vsync    |    0000C357  _wait_vbl
     0000C374  .display_ |    0000C374  _display_ |    0000C38C  .display_
     0000C38C  _display_ |    0000C55D  _benchmar |    0000C5BF  _main    
     0000C6E6  _memcpy_s |    0000C8B8  ___memcpy |    0000C8EA  _memset  
     0000C938  _memmove  |    0000CA14  .add_TIM  |    0000CA14  _add_TIM 
     0000CA18  .add_LCD  |    0000CA18  _add_LCD  |    0000CA1C  .add_VBL 
     0000CA1C  _add_VBL  |    0000CA31  .remove_T |    0000CA31  _remove_T
     0000CA35  .remove_L |    0000CA35  _remove_L |    0000CA39  .remove_V
     0000CA39  _remove_V |    0000CA5A  _set_inte |    0000CA79  _printf  
     0000CAE0  ___printf |    0000CF64  _sprintf  |    0000CFD4  ___uitoa 
     0000D0BB  _uitoa    |    0000D0D7  _itoa     |    0000D147  __sdcc_in
     0000D14A  __moduint |    0000D152  __divuint |    0000D15A  ___udivmo
ASxxxx Linker V03.00/V05.40 + sdld,  page 5.
Hexadecimal  [32-Bits]

Area                       Addr        Size        Decimal Bytes (Attributes)
--------------------       ----        ----        ------- ----- ------------
_HOME                  0000D183    00000BAC =        2988. bytes (REL,CON)

        Value  Global            Value  Global            Value  Global    
        -----  ------            -----  ------            -----  ------    
     0000D183  .ppu_stri |    0000D198  .ppu_stri |    0000D1E0  .ppu_stri
     0000D20E  .ppu_stri |    0000D222  .ppu_stri |    0000D222  _set_vram
     0000D30F  _font_loa |    0000D317  font_load |    0000D37F  font_copy
     0000D3D2  font_set  |    0000D3EB  .put_char |    0000D400  .out_char
     0000D406  .del_char |    0000D455  _putchar  |    0000D458  _setchar 
     0000D45B  _font_loa |    0000D45E  _font_set |    0000D462  _font_ini
     0000D480  .cls      |    0000D480  _cls      |    0000D489  _gotoxy  
     0000D490  _posx     |    0000D49E  _posy     |    0000D4C4  .cr_curs 
     0000D4DA  .adv_curs |    0000D510  .tmode    |    0000D51A  .tmode_ou
     0000D523  .write_sh |    0000D556  .deferred |    0000D564  .deferred
     0000D56D  .deferred |    0000D5EF  _set_bkg_ |    0000D688  _flush_sh
     0000D7A4  _hide_spr |    0000D7BC  _set_bkg_ |    0000D7CE  _set_spri
     0000D8E6  _get_bkg_ |    0000D901  _set_bkg_ |    0000D917  .tim_emul
     0000D97D  _font_ibm
ASxxxx Linker V03.00/V05.40 + sdld,  page 6.
Hexadecimal  [32-Bits]

Area                       Addr        Size        Decimal Bytes (Attributes)
--------------------       ----        ----        ------- ----- ------------
_XINIT                 0000DD2F    00000012 =          18. bytes (REL,CON)

        Value  Global            Value  Global            Value  Global    
        -----  ------            -----  ------            -----  ------    
ASxxxx Linker V03.00/V05.40 + sdld,  page 7.
Hexadecimal  [32-Bits]

Area                       Addr        Size        Decimal Bytes (Attributes)
--------------------       ----        ----        ------- ----- ------------
_DATA                  00000300    00000012 =          18. bytes (REL,CON)

        Value  Global            Value  Global            Value  Global    
        -----  ------            -----  ------            -----  ------    
     00000300  .curx     |    00000301  .cury     |    00000302  ___render
     00000303  .jmp_to_T |    00000303  .jmp_to_x |    00000306  .jmp_to_L
     00000309  .jmp_to_V |    0000030C  _TIMA_REG |    0000030E  _TMA_REG 
     0000030F  _TAC_REG  |    00000310  .fg_colou |    00000310  __current
     00000311  .bg_colou
ASxxxx Linker V03.00/V05.40 + sdld,  page 8.
Hexadecimal  [32-Bits]

Area                       Addr        Size        Decimal Bytes (Attributes)
--------------------       ----        ----        ------- ----- ------------
_BSS                   00000312    000001EB =         491. bytes (REL,CON)

        Value  Global            Value  Global            Value  Global    
        -----  ------            -----  ------            -----  ------    
     00000312  __crt0_pa |    0000032B  .mode     |    0000032C  __lcd_isr
     00000336  __lcd_isr |    00000340  __lcd_isr |    0000034A  __lcd_isr
     00000354  __lcd_isr |    0000035E  __lcd_isr |    00000368  _memcpy_d
     00000494  _benchmar |    000004A6  font_curr |    000004A9  font_firs
     000004AA  font_tabl |    000004BC  _memset_P |    000004BE  _memset_P
     000004C2  _memmove_ |    000004C4  _memmove_ |    000004CE  ___printf
     000004D0  ___printf |    000004D2  ___printf |    000004ED  ___uitoa_
     000004EF  ___uitoa_ |    000004F3  _uitoa_PA |    000004F5  _uitoa_PA
     000004F6  _itoa_PAR |    000004F8  _itoa_PAR
ASxxxx Linker V03.00/V05.40 + sdld,  page 9.
Hexadecimal  [32-Bits]

Area                       Addr        Size        Decimal Bytes (Attributes)
--------------------       ----        ----        ------- ----- ------------
OSEG                   00000000    00000008 =           8. bytes (REL,OVR,PAG)

        Value  Global            Value  Global            Value  Global    
        -----  ------            -----  ------            -----  ------    
     00000000  ___memcpy |    00000000  __divsint |    00000000  __divuint
     00000000  __modsint |    00000000  __moduint |    00000002  ___memcpy
ASxxxx Linker V03.00/V05.40 + sdld,  page 10.
Hexadecimal  [32-Bits]

Area                       Addr        Size        Decimal Bytes (Attributes)
--------------------       ----        ----        ------- ----- ------------
GBDKOVR                00000010    0000000F =          15. bytes (REL,OVR,PAG)

        Value  Global            Value  Global            Value  Global    
        -----  ------            -----  ------            -----  ------    
     00000010  _set_bkg_ |    00000010  _set_bkg_ |    00000010  _set_bkg_
     00000010  _set_spri |    00000010  _set_vram |    00000011  .bkg_tile
ASxxxx Linker V03.00/V05.40 + sdld,  page 11.
Hexadecimal  [32-Bits]

Area                       Addr        Size        Decimal Bytes (Attributes)
--------------------       ----        ----        ------- ----- ------------
_ZP                    00000020    00000036 =          54. bytes (REL,CON,PAG)

        Value  Global            Value  Global            Value  Global    
        -----  ------            -----  ------            -----  ------    
     00000020  __shadow_ |    00000021  __current |    00000022  _sys_time
     00000024  _shadow_P |    00000025  _shadow_P |    00000026  _bkg_scro
     00000027  _bkg_scro |    00000028  _attribut |    00000029  _attribut
     0000002A  __oam_val |    0000002B  __SYSTEM  |    0000002C  __hblank_
     0000002F  __vram_tr |    00000030  __vram_tr |    00000031  __vram_tr
     00000032  __vram_tr |    00000033  ALL_REGTE |    00000033  DPTR     
     00000035  REGTEMP   |    0000003D  ___SDCC_m |    0000003E  ___SDCC_m
     0000003F  ___SDCC_m |    00000040  ___SDCC_m |    00000041  ___SDCC_m
     00000042  ___SDCC_m |    00000043  ___SDCC_m |    00000044  ___SDCC_m
     00000045  ALL_REGTE |    00000045  __lcd_sca
ASxxxx Linker V03.00/V05.40 + sdld,  page 12.

Files Linked                              [ module(s) ]

../../../lib/nes/crt0.o                   [ crt0 ]
obj/nes/libc_memcpy.o                     [ libc_memcpy ]


Libraries Linked                          [ object file ]

../../../lib/nes/nes.lib                  [ vram_transfer_buffer.o ]
../../../lib/nes/nes.lib                  [ font.o ]
../../../lib/nes/nes.lib                  [ deferred_isr.o ]
../../../lib/mos6502/mos6502.lib          [ _memcpy.o ]
../../../lib/nes/nes.lib                  [ set_1bit_data.o ]
../../../lib/mos6502/mos6502.lib          [ _memset.o ]
../../../lib/nes/nes.lib                  [ flush_attributes.o ]
../../../lib/nes/nes.lib                  [ metasprites_hide_spr.o ]
../../../lib/mos6502/mos6502.lib          [ _temp.o ]
../../../lib/mos6502/mos6502.lib          [ _memmove.o ]
../../../lib/nes/nes.lib                  [ lcd.o ]
../../../lib/nes/nes.lib                  [ set_data.o ]
../../../lib/nes/nes.lib                  [ set_tile.o ]
../../../lib/nes/nes.lib                  [ timer_isr.o ]
../../../lib/nes/nes.lib                  [ color.o ]
../../../lib/nes/nes.lib                  [ f_ibm_sh.o ]
../../../lib/mos6502/mos6502.lib          [ printf.o ]
../../../lib/mos6502/mos6502.lib          [ sprintf.o ]
../../../lib/mos6502/mos6502.lib          [ __itoa.o ]
../../../lib/mos6502/mos6502.lib          [ __sdcc_indirect_jsr.o ]
../../../lib/mos6502/mos6502.lib          [ _moduint.o ]
../../../lib/mos6502/mos6502.lib          [ _divuint.o ]

ASxxxx Linker V03.00/V05.40 + sdld,  page 13.

User Base Address Definitions

_DATA=0x0300
_CODE=0xC000
VECTORS=0xFFFA
OSEG=0x00
GBDKOVR=0x10
_ZP=0x20

