ASxxxx Linker V03.00/V05.40 + sdld,  page 1.
Hexadecimal  [32-Bits]

Area                       Addr        Size        Decimal Bytes (Attributes)
--------------------       ----        ----        ------- ----- ------------
.  .ABS.               00000000    00000000 =           0. bytes (ABS,CON)

        Value  Global            Value  Global            Value  Global    
        -----  ------            -----  ------            -----  ------    
     00000000  .__.ABS.  |    00000000  _rMBC7_SR |    00000000  _rRAMG   
     00000000  l__BASE   |    00000000  l__BSS    |    00000000  l__CABS  
     00000000  l__CODE_0 |    00000000  l__DABS   |    00000000  l__FONT_H
     00000000  l__HEADER |    00000000  l__HEADER |    00000000  l__HEAP  
     00000000  l__HEAP_E |    00000000  l__HRAM   |    00000000  l__LIT   
     00000000  s__CABS   |    00000000  s__CABS0  |    00000000  s__DABS  
     00000000  s__FONT_H |    00000000  s__FONT_H |    00000000  s__HEADER
     00000000  s__HEADER |    00000000  s__HEADER |    00000000  s__HEADER
     00000000  s__HEADER |    00000000  s__HEADER |    00000000  s__HEADER
     00000000  s__HEADER |    00000000  s__HEADER |    00000000  s__HEADER
     00000000  s__HEADER |    00000000  s__HRAM   |    00000000  s__HRAM8 
     00000001  _rROMB0   |    00000001  l__GSFINA |    00000001  l__HEADER
     00000001  l__HEADER |    00000003  l__CABS0  |    00000003  l__FONT_H
     00000003  l__HEADER |    00000003  l__HEADER |    00000003  l__HRAM8 
     00000005  l__HEADER |    00000006  l__INITIA |    00000006  l__INITIA
     00000007  l__HEADER |    00000008  l__HEADER |    0000000C  l__GSINIT
     0000004F  l__DATA   |    00000060  l__HEADER |    0000009C  l__HEADER
     00000200  s__CODE   |    000007A9  l__CODE   |    00000851  l__HOME  
     000009A9  s__HOME   |    000011FA  s__BASE   |    000011FA  s__CODE_0
     000011FA  s__INITIA |    000011FA  s__LIT    |    00001200  s__GSINIT
     0000120C  s__GSFINA |    00003000  _rROMB1   |    00004000  _rMBC7_SR
     00004000  _rRAMB    |    00008000  __VRAM    |    00008000  __VRAM800
     00008800  __VRAM880 |    00009000  __VRAM900 |    00009800  __SCRN0  
     00009C00  __SCRN1   |    0000A000  __SRAM    |    0000A000  _rMBC7_LA
     0000A010  _rMBC7_LA |    0000A020  _rMBC7_AC |    0000A030  _rMBC7_AC
     0000A040  _rMBC7_AC |    0000A050  _rMBC7_AC |    0000C000  __RAM    
     0000C000  _shadow_O |    0000C0A0  s__DATA   |    0000C0EF  s__BSS   
     0000C0EF  s__INITIA |    0000C0F5  s__HEAP   |    0000C0F5  s__HEAP_E
     0000D000  __RAMBANK |    0000E000  .STACK    |    0000FE00  __OAMRAM 
     0000FF00  _P1_REG   |    0000FF00  __IO      |    0000FF01  _SB_REG  
     0000FF02  _SC_REG   |    0000FF04  _DIV_REG  |    0000FF05  _TIMA_REG
     0000FF06  _TMA_REG  |    0000FF07  _TAC_REG  |    0000FF0F  _IF_REG  
     0000FF10  _LCDC_REG |    0000FF11  _STAT_REG |    0000FF12  _SCY_REG 
     0000FF13  _SCX_REG  |    0000FF14  _OBP0_REG |    0000FF15  _OBP1_REG
     0000FF16  _WY_REG   |    0000FF17  _WX_REG   |    0000FF18  _LY_REG  
     0000FF19  _LYC_REG  |    0000FF1A  _DMA_REG  |    0000FF1B  _BGP_REG 
     0000FF20  _NR10_REG |    0000FF21  _NR12_REG |    0000FF22  _NR11_REG
     0000FF23  _NR13_REG |    0000FF24  _NR14_REG |    0000FF25  _NR21_REG
     0000FF27  _NR22_REG |    0000FF28  _NR23_REG |    0000FF29  _NR24_REG
     0000FF2A  _NR30_REG |    0000FF2B  _NR31_REG |    0000FF2C  _NR32_REG
     0000FF2D  _NR34_REG |    0000FF2E  _NR33_REG |    0000FF30  _AUD3WAVE
     0000FF30  _PCM_SAMP |    0000FF30  __AUD3WAV |    0000FF40  _NR41_REG
     0000FF41  _NR43_REG |    0000FF42  _NR42_REG |    0000FF43  _NR44_REG
     0000FF44  _NR50_REG |    0000FF45  _NR52_REG |    0000FF46  _NR51_REG
     0000FF4D  _KEY1_REG |    0000FF4F  _VBK_REG  |    0000FF51  _HDMA1_RE
     0000FF52  _HDMA2_RE |    0000FF53  _HDMA3_RE |    0000FF54  _HDMA4_RE
     0000FF55  _HDMA5_RE |    0000FF56  _RP_REG   |    0000FF68  _BCPS_REG
     0000FF69  _BCPD_REG |    0000FF6A  _OCPS_REG |    0000FF6B  _OCPD_REG
     0000FF70  _SVBK_REG |    0000FF76  _PCM12_RE |    0000FF77  _PCM34_RE
     0000FF80  .refresh_ |    0000FF80  __HRAM    |    0000FFFF  _IE_REG  
ASxxxx Linker V03.00/V05.40 + sdld,  page 2.
Hexadecimal  [32-Bits]

Area                       Addr        Size        Decimal Bytes (Attributes)
--------------------       ----        ----        ------- ----- ------------
_CODE                  00000200    000007A9 =        1961. bytes (REL,CON)

        Value  Global            Value  Global            Value  Global    
        -----  ------            -----  ------            -----  ------    
     00000200  _duck_io_ |    00000216  _main     |    000003AA  _duck_io_
     000003D5  _duck_io_ |    000003E6  _duck_io_ |    000003F6  _duck_io_
     0000040A  _duck_io_ |    00000430  _duck_io_ |    0000044F  _duck_io_
     000004DB  _duck_io_ |    000005BC  _duck_io_ |    000005E8  _duck_io_
     000005EE  _duck_io_ |    000005F4  _printf   |    00000609  ___crlf  
     00000644  ___printf |    0000098A  _sprintf 
ASxxxx Linker V03.00/V05.40 + sdld,  page 3.
Hexadecimal  [32-Bits]

Area                       Addr        Size        Decimal Bytes (Attributes)
--------------------       ----        ----        ------- ----- ------------
_HEADER0               00000000    00000003 =           3. bytes (ABS,CON)

        Value  Global            Value  Global            Value  Global    
        -----  ------            -----  ------            -----  ------    
ASxxxx Linker V03.00/V05.40 + sdld,  page 4.
Hexadecimal  [32-Bits]

Area                       Addr        Size        Decimal Bytes (Attributes)
--------------------       ----        ----        ------- ----- ------------
_HEADER1               00000000    00000001 =           1. bytes (ABS,CON)

        Value  Global            Value  Global            Value  Global    
        -----  ------            -----  ------            -----  ------    
     00000020  .call_hl 
ASxxxx Linker V03.00/V05.40 + sdld,  page 5.
Hexadecimal  [32-Bits]

Area                       Addr        Size        Decimal Bytes (Attributes)
--------------------       ----        ----        ------- ----- ------------
_HEADER2               00000000    00000005 =           5. bytes (ABS,CON)

        Value  Global            Value  Global            Value  Global    
        -----  ------            -----  ------            -----  ------    
     00000028  .MemsetSm
ASxxxx Linker V03.00/V05.40 + sdld,  page 6.
Hexadecimal  [32-Bits]

Area                       Addr        Size        Decimal Bytes (Attributes)
--------------------       ----        ----        ------- ----- ------------
_HEADER3               00000000    00000007 =           7. bytes (ABS,CON)

        Value  Global            Value  Global            Value  Global    
        -----  ------            -----  ------            -----  ------    
     00000030  .MemcpySm
ASxxxx Linker V03.00/V05.40 + sdld,  page 7.
Hexadecimal  [32-Bits]

Area                       Addr        Size        Decimal Bytes (Attributes)
--------------------       ----        ----        ------- ----- ------------
_HEADER4               00000000    00000008 =           8. bytes (ABS,CON)

        Value  Global            Value  Global            Value  Global    
        -----  ------            -----  ------            -----  ------    
ASxxxx Linker V03.00/V05.40 + sdld,  page 8.
Hexadecimal  [32-Bits]

Area                       Addr        Size        Decimal Bytes (Attributes)
--------------------       ----        ----        ------- ----- ------------
_HEADER5               00000000    00000060 =          96. bytes (ABS,CON)

        Value  Global            Value  Global            Value  Global    
        -----  ------            -----  ------            -----  ------    
     00000080  .int      |    0000008F  _wait_int |    0000009C  __standar
     000000AB  _refresh_ |    000000CC  _set_inte
ASxxxx Linker V03.00/V05.40 + sdld,  page 9.
Hexadecimal  [32-Bits]

Area                       Addr        Size        Decimal Bytes (Attributes)
--------------------       ----        ----        ------- ----- ------------
_HEADER6               00000000    00000001 =           1. bytes (ABS,CON)

        Value  Global            Value  Global            Value  Global    
        -----  ------            -----  ------            -----  ------    
ASxxxx Linker V03.00/V05.40 + sdld,  page 10.
Hexadecimal  [32-Bits]

Area                       Addr        Size        Decimal Bytes (Attributes)
--------------------       ----        ----        ------- ----- ------------
_HEADER7               00000000    0000009C =         156. bytes (ABS,CON)

        Value  Global            Value  Global            Value  Global    
        -----  ------            -----  ------            -----  ------    
     00000150  .code_sta |    00000150  .reset    |    00000150  _reset   
     000001AA  _exit     |    000001AE  .wait_vbl |    000001AE  _vsync   
     000001AE  _wait_vbl |    000001BE  .remove_V |    000001BE  _remove_V
     000001C1  .remove_i |    000001DE  .add_VBL  |    000001DE  _add_VBL 
     000001E1  .add_int 
ASxxxx Linker V03.00/V05.40 + sdld,  page 11.
Hexadecimal  [32-Bits]

Area                       Addr        Size        Decimal Bytes (Attributes)
--------------------       ----        ----        ------- ----- ------------
_HOME                  000009A9    00000851 =        2129. bytes (REL,CON)

        Value  Global            Value  Global            Value  Global    
        -----  ------            -----  ------            -----  ------    
     000009A9  .memset_s |    000009B2  .memcpy_s |    000009CF  .display_
     000009CF  _display_ |    000009E7  _font_loa |    000009EE  font_load
     00000A36  font_copy |    00000A6C  font_set  |    00000A79  .put_char
     00000A91  .out_char |    00000A97  .del_char |    00000AED  _putchar 
     00000AF6  _setchar  |    00000AFF  _font_loa |    00000B0D  _font_set
     00000B1C  _font_ini |    00000B3B  .cls      |    00000B3B  _cls     
     00000B5D  _gotoxy   |    00000B68  _posx     |    00000B79  _posy    
     00000BA1  .cr_curs  |    00000BB6  .adv_curs |    00000C12  .tmode   
     00000C2F  .tmode_ou |    00000C38  .padup    |    00000C38  _waitpadu
     00000C48  .jpad     |    00000C48  _joypad   |    00000C70  _waitpad 
     00000C71  .wait_pad |    00000C78  _color    |    00000C78  _set_1bpp
     00000C87  _puts     |    00000CAC  .drawing_ |    00000CC9  _font_ibm
     000010AA  .add_LCD  |    000010AA  _add_LCD  |    000010B0  .remove_L
     000010B0  _remove_L |    000010B6  _set_tile |    000010BB  _set_bkg_
     000010BB  _set_win_ |    000010C3  _set_spri |    000010F3  _set_bkg_
     000010F3  _set_win_ |    000010FB  _set_spri |    00001153  _uitoa   
     00001162  _itoa     |    00001171  .itoa     |    00001185  .utoa    
     000011F9  ___sdcc_c
ASxxxx Linker V03.00/V05.40 + sdld,  page 12.
Hexadecimal  [32-Bits]

Area                       Addr        Size        Decimal Bytes (Attributes)
--------------------       ----        ----        ------- ----- ------------
_INITIALIZER           000011FA    00000006 =           6. bytes (REL,CON)

        Value  Global            Value  Global            Value  Global    
        -----  ------            -----  ------            -----  ------    
ASxxxx Linker V03.00/V05.40 + sdld,  page 13.
Hexadecimal  [32-Bits]

Area                       Addr        Size        Decimal Bytes (Attributes)
--------------------       ----        ----        ------- ----- ------------
_GSINIT                00001200    0000000C =          12. bytes (REL,CON)

        Value  Global            Value  Global            Value  Global    
        -----  ------            -----  ------            -----  ------    
     00001200  gsinit   
ASxxxx Linker V03.00/V05.40 + sdld,  page 14.
Hexadecimal  [32-Bits]

Area                       Addr        Size        Decimal Bytes (Attributes)
--------------------       ----        ----        ------- ----- ------------
_GSFINAL               0000120C    00000001 =           1. bytes (REL,CON)

        Value  Global            Value  Global            Value  Global    
        -----  ------            -----  ------            -----  ------    
ASxxxx Linker V03.00/V05.40 + sdld,  page 15.
Hexadecimal  [32-Bits]

Area                       Addr        Size        Decimal Bytes (Attributes)
--------------------       ----        ----        ------- ----- ------------
_DATA                  0000C0A0    0000004F =          79. bytes (REL,CON)

        Value  Global            Value  Global            Value  Global    
        -----  ------            -----  ------            -----  ------    
     0000C0A0  __cpu     |    0000C0A1  __is_GBA  |    0000C0A2  .mode    
     0000C0A3  .sys_time |    0000C0A3  _sys_time |    0000C0A5  .int_0x40
     0000C0B1  _duck_io_ |    0000C0B2  _duck_io_ |    0000C0B3  _duck_io_
     0000C0C1  _duck_io_ |    0000C0C2  _duck_io_ |    0000C0D0  _duck_io_
     0000C0D1  font_curr |    0000C0D4  font_firs |    0000C0D5  font_tabl
     0000C0E7  .int_0x48
ASxxxx Linker V03.00/V05.40 + sdld,  page 16.
Hexadecimal  [32-Bits]

Area                       Addr        Size        Decimal Bytes (Attributes)
--------------------       ----        ----        ------- ----- ------------
_INITIALIZED           0000C0EF    00000006 =           6. bytes (REL,CON)

        Value  Global            Value  Global            Value  Global    
        -----  ------            -----  ------            -----  ------    
     0000C0EF  _duck_io_ |    0000C0F0  .curx     |    0000C0F1  .cury    
     0000C0F2  .fg_colou |    0000C0F2  __current |    0000C0F3  .bg_colou
     0000C0F4  .draw_mod
ASxxxx Linker V03.00/V05.40 + sdld,  page 17.
Hexadecimal  [32-Bits]

Area                       Addr        Size        Decimal Bytes (Attributes)
--------------------       ----        ----        ------- ----- ------------
_HRAM8                 00000000    00000003 =           3. bytes (ABS,CON)

        Value  Global            Value  Global            Value  Global    
        -----  ------            -----  ------            -----  ------    
     0000FF90  __current |    0000FF91  __vbl_don |    0000FF92  __shadow_
ASxxxx Linker V03.00/V05.40 + sdld,  page 18.
Hexadecimal  [32-Bits]

Area                       Addr        Size        Decimal Bytes (Attributes)
--------------------       ----        ----        ------- ----- ------------
_CABS0                 00000000    00000003 =           3. bytes (ABS,CON)

        Value  Global            Value  Global            Value  Global    
        -----  ------            -----  ------            -----  ------    
ASxxxx Linker V03.00/V05.40 + sdld,  page 19.
Hexadecimal  [32-Bits]

Area                       Addr        Size        Decimal Bytes (Attributes)
--------------------       ----        ----        ------- ----- ------------
_FONT_HEADER0          00000000    00000003 =           3. bytes (ABS,CON)

        Value  Global            Value  Global            Value  Global    
        -----  ------            -----  ------            -----  ------    
ASxxxx Linker V03.00/V05.40 + sdld,  page 20.
Hexadecimal  [32-Bits]

Area                       Addr        Size        Decimal Bytes (Attributes)
--------------------       ----        ----        ------- ----- ------------
_HEADER_LCD0           00000000    00000003 =           3. bytes (ABS,CON)

        Value  Global            Value  Global            Value  Global    
        -----  ------            -----  ------            -----  ------    
ASxxxx Linker V03.00/V05.40 + sdld,  page 21.

Files Linked                              [ module(s) ]

../../../lib/duck/crt0.o                  [ Runtime ]
obj/duck/main.o                           [ main ]


Libraries Linked                          [ object file ]

../../../lib/duck/duck.lib                [ megaduck_laptop_io.o ]
../../../lib/duck/duck.lib                [ font.o ]
../../../lib/duck/duck.lib                [ pad.o ]
../../../lib/duck/duck.lib                [ color.o ]
../../../lib/duck/duck.lib                [ sfr.o ]
../../../lib/sm83/sm83.lib                [ puts.o ]
../../../lib/duck/duck.lib                [ drawing_isr.o ]
../../../lib/duck/duck.lib                [ f_ibm_sh.o ]
../../../lib/duck/duck.lib                [ lcd.o ]
../../../lib/sm83/sm83.lib                [ printf.o ]
../../../lib/duck/duck.lib                [ set_data.o ]
../../../lib/duck/duck.lib                [ crlf.o ]
../../../lib/duck/duck.lib                [ set_1bit_data.o ]
../../../lib/sm83/sm83.lib                [ sprintf.o ]
../../../lib/sm83/sm83.lib                [ itoa.o ]
../../../lib/sm83/sm83.lib                [ __sdcc_call_hl.o ]

ASxxxx Linker V03.00/V05.40 + sdld,  page 22.

User Base Address Definitions

_DATA=0xC0A0
_CODE=0x0200
ASxxxx Linker V03.00/V05.40 + sdld,  page 23.

User Global Definitions

_shadow_OAM=0xC000
.STACK=0xE000
.refresh_OAM=0xFF80

